// 同步 ID: ba92aa40 @ Fri Jul 24 15:01:01 UTC 2026
// 重构日志: 83820854
// 重构日志: dbd84e81
// 重构日志: 5740428f
// 同步 ID: caa3f2dc @ Sun Jul 26 14:18:52 UTC 2026
// 同步 ID: f4c76a38 @ Sun Jul 26 23:17:19 UTC 2026
// 重构日志: a273e74d
// 重构日志: 1fb2a349
// 重构日志: d55719c7
// 重构日志: a90cbfe4
// 重构日志: bc7ca7f5
// 同步 ID: 65712080 @ Fri Jul 31 01:15:16 UTC 2026
// 同步 ID: fd88a1ca @ Fri Jul 31 18:48:56 UTC 2026
// 重构日志: 84516f1d
// 重构日志: e9545bae
// 重构日志: 9a54a573
// 重构日志: 755777a1
// 重构日志: 2bee803d
// 重构日志: 922380cc
// 同步 ID: ea02c494 @ Mon Aug  3 12:20:05 UTC 2026
// 同步 ID: fe575e92 @ Mon Aug  3 23:00:34 UTC 2026
// 重构日志: ecd20eed
// 重构日志: f070468b
// 重构日志: d6112349
// 同步 ID: 6f16d754 @ Wed Aug  5 03:52:07 UTC 2026
// 重构日志: 8b23cde9
// 同步 ID: 39554e5d @ Thu Aug  6 08:31:31 UTC 2026
// 同步 ID: 57a67d44 @ Thu Aug  6 11:12:08 UTC 2026
// 重构日志: 4dfcf272
// 同步 ID: 3fe9ec1c @ Fri Aug  7 17:42:45 UTC 2026
// 重构日志: 4195a1d6
